
Running 28 tests using 1 worker

(node:14304) Warning: The 'NO_COLOR' env is ignored due to the 'FORCE_COLOR' env being set.
(Use `node --trace-warnings ...` to show where the warning was created)
  ok  1 [chromium] › tests\e2e\home.spec.ts:125:1 › Home renders the approved poster and retains responsive screenshots (11.5s)
  ok  2 [chromium] › tests\e2e\home.spec.ts:203:1 › M05 sections preserve canonical copy, live anchors, and visual continuity (9.1s)
  ok  3 [chromium] › tests\e2e\home.spec.ts:271:1 › skip link and keyboard focus are visible and usable (2.9s)
  ok  4 [chromium] › tests\e2e\home.spec.ts:290:1 › mobile menu exposes every route and closes on Escape with focus restored (1.2s)
  ok  5 [chromium] › tests\e2e\home.spec.ts:328:1 › mobile menu closes and transfers focus when the viewport enters desktop navigation (719ms)
  ok  6 [chromium] › tests\e2e\home.spec.ts:346:1 › lazy scene reaches ready on capable WebGL and retains the poster otherwise (4.6s)
  ok  7 [chromium] › tests\e2e\home.spec.ts:379:1 › WebGL failure selects the static hero without blocking semantic content (1.0s)
  ok  8 [chromium] › tests\e2e\home.spec.ts:412:1 › runtime WebGL failure keeps the poster fallback after resize (1.7s)
  ok  9 [chromium] › tests\e2e\home.spec.ts:476:1 › measures poster-first, lazy chunk size, Web Vitals proxies, and frame profiles (45.0s)
  ok 10 [chromium] › tests\e2e\home.spec.ts:787:1 › reduced motion keeps the static Home composition usable (1.3s)
  ok 11 [chromium] › tests\e2e\home.spec.ts:834:1 › 16px and 24px monochrome marks load and retain the favicon silhouette (639ms)
  ok 12 [chromium] › tests\e2e\home.spec.ts:865:1 › horizontal lockups and the chrome-blue treatment load as the selected identity (764ms)
  ok 13 [chromium] › tests\e2e\home.spec.ts:901:1 › Home has no automated accessibility violations (3.1s)
  ok 14 [chromium] › tests\e2e\m06a.spec.ts:128:1 › M06A routes retain canonical metadata, semantic content and isolated bundles (3.0s)
  ok 15 [chromium] › tests\e2e\m06a.spec.ts:228:1 › global navigation and route CTAs resolve only to admitted destinations (1.4s)
  ok 16 [chromium] › tests\e2e\m06a.spec.ts:265:1 › secondary pages preserve skip-link, keyboard focus, responsive layout and reduced motion (3.3s)
  ok 17 [chromium] › tests\e2e\m06a.spec.ts:325:1 › M06A routes meet WCAG 2.2 AA and Contact is integrated (2.5s)
  ok 18 [chromium] › tests\e2e\m06b.spec.ts:176:1 › Research and Company render canonical content, metadata and isolated route bundles (5.0s)
  ok 19 [chromium] › tests\e2e\m06b.spec.ts:276:1 › Research and Company pass WCAG 2.2 AA, keyboard, reduced-motion and responsive checks (5.5s)
  ok 20 [chromium] › tests\e2e\m06b.spec.ts:383:1 › M06B navigation and all admitted Research transitions resolve with Contact integrated (8.4s)
  ok 21 [chromium] › tests\e2e\m06c.spec.ts:81:1 › Contact renders exact canonical copy, metadata and a zero-collection surface (1.1s)
  ok 22 [chromium] › tests\e2e\m06c.spec.ts:153:1 › Contact meets accessibility, reduced-motion, responsive and isolated-route budgets (7.8s)
  ok 23 [chromium] › tests\e2e\m06c.spec.ts:274:1 › Contact navigation is final across six V1 routes and Home retains its section anchor (10.3s)
  ok 24 [chromium] › tests\e2e\m07a.spec.ts:20:1 › production HTML routes and the 404 carry the minimum security header policy (889ms)
  ok 25 [chromium] › tests\e2e\m07a.spec.ts:79:1 › production Home preloads the responsive static poster (133ms)
  ok 26 [chromium] › tests\e2e\m07a.spec.ts:92:1 › all routes stay noindex and robots blocks crawling without publishing a sitemap (5.4s)
  ok 27 [chromium] › tests\e2e\m07a.spec.ts:124:1 › branded 404 has no Axe violations and exposes a safe route back Home (2.1s)
  ok 28 [chromium] › tests\e2e\wo013-visual-fidelity.spec.ts:56:1 › WO-013 deterministic visual, responsive, motion and comparison evidence (37.3s)

  28 passed (3.0m)
