CandidateCommit=3838e2cbefb9d0220b15775ae20375568a02d8c0
Image=nexlabs-website-release-candidate:3838e2cbefb9d0220b15775ae20375568a02d8c0
ImageDigest=sha256:9d26af4057cd8c39893539e4b6d0bc9817105f20e0324e285b9e00d6d4685170
Run=2 of 3
Retries=0

Running 30 tests using 1 worker

(node:16736) Warning: The 'NO_COLOR' env is ignored due to the 'FORCE_COLOR' env being set.
(Use `node --trace-warnings ...` to show where the warning was created)
  ok  1 [chromium] › tests\e2e\home.spec.ts:172:1 › Home renders the approved poster and retains responsive screenshots (5.1s)
  ok  2 [chromium] › tests\e2e\home.spec.ts:247:1 › M05 sections preserve canonical copy, live anchors, and visual continuity (8.9s)
  ok  3 [chromium] › tests\e2e\home.spec.ts:315:1 › skip link and keyboard focus are visible and usable (1.4s)
  ok  4 [chromium] › tests\e2e\home.spec.ts:334:1 › mobile menu exposes every route and closes on Escape with focus restored (1.4s)
  ok  5 [chromium] › tests\e2e\home.spec.ts:372:1 › mobile menu closes and transfers focus when the viewport enters desktop navigation (648ms)
  ok  6 [chromium] › tests\e2e\home.spec.ts:390:1 › lazy scene reaches ready on capable WebGL and retains the poster otherwise (11.4s)
  ok  7 [chromium] › tests\e2e\home.spec.ts:423:1 › WebGL failure selects the static hero without blocking semantic content (1.4s)
  ok  8 [chromium] › tests\e2e\home.spec.ts:456:1 › runtime WebGL failure keeps the poster fallback after resize (2.6s)
  ok  9 [chromium] › tests\e2e\home.spec.ts:520:1 › measures poster-first, lazy chunk size, Web Vitals proxies, and frame profiles (1.9m)
  ok 10 [chromium] › tests\e2e\home.spec.ts:867:1 › reduced motion keeps the static Home composition usable (1.7s)
  ok 11 [chromium] › tests\e2e\home.spec.ts:914:1 › 16px and 24px monochrome marks load and retain the favicon silhouette (975ms)
  ok 12 [chromium] › tests\e2e\home.spec.ts:945:1 › horizontal lockups and the chrome-blue treatment load as the selected identity (991ms)
  ok 13 [chromium] › tests\e2e\home.spec.ts:981:1 › Home has no automated accessibility violations (8.7s)
  ok 14 [chromium] › tests\e2e\m06a.spec.ts:129:1 › M06A routes retain canonical metadata, semantic content and isolated bundles (3.5s)
  ok 15 [chromium] › tests\e2e\m06a.spec.ts:229:1 › global navigation and route CTAs resolve only to admitted destinations (1.6s)
  ok 16 [chromium] › tests\e2e\m06a.spec.ts:266:1 › secondary pages preserve skip-link, keyboard focus, responsive layout and reduced motion (3.8s)
  ok 17 [chromium] › tests\e2e\m06a.spec.ts:326:1 › M06A routes meet WCAG 2.2 AA and Contact is integrated (2.7s)
  ok 18 [chromium] › tests\e2e\m06b.spec.ts:177:1 › Research and Company render canonical content, metadata and isolated route bundles (5.2s)
  ok 19 [chromium] › tests\e2e\m06b.spec.ts:277:1 › Research and Company pass WCAG 2.2 AA, keyboard, reduced-motion and responsive checks (6.5s)
  ok 20 [chromium] › tests\e2e\m06b.spec.ts:384:1 › M06B navigation and all admitted Research transitions resolve with Contact integrated (13.1s)
  ok 21 [chromium] › tests\e2e\m06c.spec.ts:82:1 › Contact renders exact canonical copy, metadata and a zero-collection surface (1.3s)
  ok 22 [chromium] › tests\e2e\m06c.spec.ts:154:1 › Contact meets accessibility, reduced-motion, responsive and isolated-route budgets (8.8s)
  ok 23 [chromium] › tests\e2e\m06c.spec.ts:275:1 › Contact navigation is final across six V1 routes and Home retains its section anchor (25.2s)
  ok 24 [chromium] › tests\e2e\m07a.spec.ts:21:1 › production HTML routes and the 404 carry the minimum security header policy (891ms)
  ok 25 [chromium] › tests\e2e\m07a.spec.ts:80:1 › production Home preloads the responsive static poster (138ms)
  ok 26 [chromium] › tests\e2e\m07a.spec.ts:93:1 › all routes stay noindex and robots blocks crawling without publishing a sitemap (11.7s)
  ok 27 [chromium] › tests\e2e\m07a.spec.ts:127:1 › prelaunch banner is visible on every public route (11.7s)
  ok 28 [chromium] › tests\e2e\m07a.spec.ts:148:1 › branded 404 has no Axe violations and exposes a safe route back Home (2.2s)
  ok 29 [chromium] › tests\e2e\wo013-visual-fidelity.spec.ts:159:1 › WO-013 deterministic visual, responsive, motion and comparison evidence (1.2m)
  ok 30 [chromium] › tests\e2e\wo013-visual-fidelity.spec.ts:363:1 › FULL Home shows an environmental lab backdrop behind a dark illuminated platform (17.2s)

  30 passed (5.9m)
ExitCode=0
