
Running 26 tests using 1 worker

(node:1224) Warning: The 'NO_COLOR' env is ignored due to the 'FORCE_COLOR' env being set.
(Use `node --trace-warnings ...` to show where the warning was created)
  ok  1 [chromium] › tests\e2e\home.spec.ts:115:1 › Home renders the approved poster and retains responsive screenshots (5.0s)
  ok  2 [chromium] › tests\e2e\home.spec.ts:193:1 › M05 sections preserve canonical copy, live anchors, and visual continuity (3.5s)
  ok  3 [chromium] › tests\e2e\home.spec.ts:261:1 › skip link and keyboard focus are visible and usable (1.5s)
  ok  4 [chromium] › tests\e2e\home.spec.ts:280:1 › mobile navigation keeps every section link reachable by keyboard (663ms)
  ok  5 [chromium] › tests\e2e\home.spec.ts:316:1 › lazy scene reaches ready on capable WebGL and retains the poster otherwise (2.2s)
  ok  6 [chromium] › tests\e2e\home.spec.ts:349:1 › WebGL failure selects the static hero without blocking semantic content (896ms)
  ok  7 [chromium] › tests\e2e\home.spec.ts:382:1 › runtime WebGL failure keeps the poster fallback after resize (2.0s)
  ok  8 [chromium] › tests\e2e\home.spec.ts:446:1 › measures poster-first, lazy chunk size, Web Vitals proxies, and frame profiles (25.3s)
  ok  9 [chromium] › tests\e2e\home.spec.ts:743:1 › reduced motion keeps the static Home composition usable (1.1s)
  ok 10 [chromium] › tests\e2e\home.spec.ts:790:1 › 16px and 24px monochrome marks load and retain the favicon silhouette (644ms)
  ok 11 [chromium] › tests\e2e\home.spec.ts:821:1 › horizontal lockups and the chrome-blue treatment load as the selected identity (720ms)
  ok 12 [chromium] › tests\e2e\home.spec.ts:857:1 › Home has no automated accessibility violations (2.4s)
  ok 13 [chromium] › tests\e2e\m06a.spec.ts:128:1 › M06A routes retain canonical metadata, semantic content and isolated bundles (2.9s)
  ok 14 [chromium] › tests\e2e\m06a.spec.ts:228:1 › global navigation and route CTAs resolve only to admitted destinations (1.2s)
  ok 15 [chromium] › tests\e2e\m06a.spec.ts:265:1 › secondary pages preserve skip-link, keyboard focus, responsive layout and reduced motion (2.2s)
  ok 16 [chromium] › tests\e2e\m06a.spec.ts:319:1 › M06A routes meet WCAG 2.2 AA and Contact is integrated (2.5s)
  ok 17 [chromium] › tests\e2e\m06b.spec.ts:176:1 › Research and Company render canonical content, metadata and isolated route bundles (4.8s)
  ok 18 [chromium] › tests\e2e\m06b.spec.ts:276:1 › Research and Company pass WCAG 2.2 AA, keyboard, reduced-motion and responsive checks (5.9s)
  ok 19 [chromium] › tests\e2e\m06b.spec.ts:383:1 › M06B navigation and all admitted Research transitions resolve with Contact integrated (10.5s)
  ok 20 [chromium] › tests\e2e\m06c.spec.ts:81:1 › Contact renders exact canonical copy, metadata and a zero-collection surface (2.1s)
  ok 21 [chromium] › tests\e2e\m06c.spec.ts:153:1 › Contact meets accessibility, reduced-motion, responsive and isolated-route budgets (10.9s)
  ok 22 [chromium] › tests\e2e\m06c.spec.ts:274:1 › Contact navigation is final across six V1 routes and Home retains its section anchor (8.4s)
  ok 23 [chromium] › tests\e2e\m07a.spec.ts:20:1 › production HTML routes and the 404 carry the minimum security header policy (888ms)
  ok 24 [chromium] › tests\e2e\m07a.spec.ts:79:1 › production Home preloads the responsive static poster (187ms)
  ok 25 [chromium] › tests\e2e\m07a.spec.ts:92:1 › all routes stay noindex and robots blocks crawling without publishing a sitemap (4.9s)
  ok 26 [chromium] › tests\e2e\m07a.spec.ts:124:1 › branded 404 has no Axe violations and exposes a safe route back Home (2.0s)

  26 passed (1.8m)
