
Running 30 tests using 1 worker

(node:15768) Warning: The 'NO_COLOR' env is ignored due to the 'FORCE_COLOR' env being set.
(Use `node --trace-warnings ...` to show where the warning was created)
  ok  1 [chromium] › tests\e2e\home.spec.ts:172:1 › Home renders the approved poster and retains responsive screenshots (6.3s)
  ok  2 [chromium] › tests\e2e\home.spec.ts:288:1 › M05 sections preserve canonical copy, live anchors, and visual continuity (8.9s)
  ok  3 [chromium] › tests\e2e\home.spec.ts:356:1 › skip link and keyboard focus are visible and usable (2.6s)
  ok  4 [chromium] › tests\e2e\home.spec.ts:375:1 › mobile menu exposes every route and closes on Escape with focus restored (2.0s)
  ok  5 [chromium] › tests\e2e\home.spec.ts:413:1 › mobile menu closes and transfers focus when the viewport enters desktop navigation (1.0s)
  ok  6 [chromium] › tests\e2e\home.spec.ts:431:1 › lazy scene reaches ready on capable WebGL and retains the poster otherwise (3.3s)
  ok  7 [chromium] › tests\e2e\home.spec.ts:464:1 › WebGL failure selects the static hero without blocking semantic content (1.6s)
  ok  8 [chromium] › tests\e2e\home.spec.ts:497:1 › runtime WebGL failure keeps the poster fallback after resize (2.3s)
  ok  9 [chromium] › tests\e2e\home.spec.ts:561:1 › measures poster-first, lazy chunk size, Web Vitals proxies, and frame profiles (23.6s)
  ok 10 [chromium] › tests\e2e\home.spec.ts:908:1 › reduced motion keeps the static Home composition usable (1.9s)
  ok 11 [chromium] › tests\e2e\home.spec.ts:955:1 › 16px and 24px monochrome marks load and retain the favicon silhouette (1.3s)
  ok 12 [chromium] › tests\e2e\home.spec.ts:986:1 › horizontal lockups and the chrome-blue treatment load as the selected identity (1.6s)
  ok 13 [chromium] › tests\e2e\home.spec.ts:1022:1 › Home has no automated accessibility violations (5.1s)
  ok 14 [chromium] › tests\e2e\m06a.spec.ts:129:1 › M06A routes retain canonical metadata, semantic content and isolated bundles (3.9s)
  ok 15 [chromium] › tests\e2e\m06a.spec.ts:229:1 › global navigation and route CTAs resolve only to admitted destinations (2.1s)
  ok 16 [chromium] › tests\e2e\m06a.spec.ts:266:1 › secondary pages preserve skip-link, keyboard focus, responsive layout and reduced motion (4.2s)
  ok 17 [chromium] › tests\e2e\m06a.spec.ts:326:1 › M06A routes meet WCAG 2.2 AA and Contact is integrated (3.5s)
  ok 18 [chromium] › tests\e2e\m06b.spec.ts:177:1 › Research and Company render canonical content, metadata and isolated route bundles (7.2s)
  ok 19 [chromium] › tests\e2e\m06b.spec.ts:277:1 › Research and Company pass WCAG 2.2 AA, keyboard, reduced-motion and responsive checks (6.8s)
  ok 20 [chromium] › tests\e2e\m06b.spec.ts:384:1 › M06B navigation and all admitted Research transitions resolve with Contact integrated (9.1s)
  ok 21 [chromium] › tests\e2e\m06c.spec.ts:82:1 › Contact renders exact canonical copy, metadata and a zero-collection surface (2.0s)
  ok 22 [chromium] › tests\e2e\m06c.spec.ts:154:1 › Contact meets accessibility, reduced-motion, responsive and isolated-route budgets (10.6s)
  ok 23 [chromium] › tests\e2e\m06c.spec.ts:275:1 › Contact navigation is final across six V1 routes and Home retains its section anchor (10.3s)
  ok 24 [chromium] › tests\e2e\m07a.spec.ts:21:1 › production HTML routes and the 404 carry the minimum security header policy (1.2s)
  ok 25 [chromium] › tests\e2e\m07a.spec.ts:80:1 › production Home preloads the responsive static poster (371ms)
  ok 26 [chromium] › tests\e2e\m07a.spec.ts:93:1 › all routes stay noindex and robots blocks crawling without publishing a sitemap (6.4s)
  ok 27 [chromium] › tests\e2e\m07a.spec.ts:127:1 › prelaunch banner is visible on every public route (6.2s)
  ok 28 [chromium] › tests\e2e\m07a.spec.ts:148:1 › branded 404 has no Axe violations and exposes a safe route back Home (2.8s)
  ok 29 [chromium] › tests\e2e\wo013-visual-fidelity.spec.ts:159:1 › WO-013 deterministic visual, responsive, motion and comparison evidence (37.9s)
  ok 30 [chromium] › tests\e2e\wo013-visual-fidelity.spec.ts:379:1 › FULL Home shows an environmental lab backdrop behind a dark illuminated platform (4.1s)

  30 passed (3.1m)
